<html>
<body>
<pre>
<h1>µVision Build Log</h1>
<h2>Tool Versions:</h2>
IDE-Version: µVision V5.32.0.0
Copyright (C) 2020 ARM Ltd and ARM Germany GmbH. All rights reserved.
License Information: Ege Cansiz, None, LIC=----
 
Tool Versions:
Toolchain:       MDK-Lite  Version: 5.32.0.0
Toolchain Path:  D:\Programlar\Keil_v5\ARM\ARMCLANG\Bin
C Compiler:      ArmClang.exe V6.14.1
Assembler:       Armasm.exe V6.14.1
Linker/Locator:  ArmLink.exe V6.14.1
Library Manager: ArmAr.exe V6.14.1
Hex Converter:   FromElf.exe V6.14.1
CPU DLL:         SARMCM3.DLL V5.32.0.0
Dialog DLL:      DCM.DLL V1.17.3.0
Target DLL:      lmidk-agdi.dll V???
Dialog DLL:      TCM.DLL V1.46.0.0
 
<h2>Project:</h2>
C:\Users\User\OneDrive\Masaüstü\Term Project\Project.uvprojx
Project File Date:  02/02/2021

<h2>Output:</h2>
*** Using Compiler 'V6.14.1', folder: 'D:\Programlar\Keil_v5\ARM\ARMCLANG\Bin'
Rebuild target 'Target 1'
assembling Ultrasound_Echo.s...
assembling ADC.s...
assembling Stepper_Motor.s...
assembling main.s...
assembling Ultrasound_Trig.s...
"Nokia_LCD.s", line 365: Warning: A1581W: Added 2 bytes of padding at address 0x15a
  365 0000015c   LTORG   ; LTORG directive tells the assembler to assemble current pool immediately.
0 Errors, 1 Warning
assembling Nokia_LCD.s...
"Startup.s", line 682: Warning: A1488W: PROC/FUNC at line 348 in 'Startup.s' without matching ENDP/ENDFUNC
  682 00000024         END
0 Errors, 1 Warning
assembling Startup.s...
linking...
Program Size: Code=3744 RO-data=0 RW-data=1024 ZI-data=0  
".\Objects\Project.axf" - 0 Error(s), 0 Warning(s).

<h2>Software Packages used:</h2>

Package Vendor: Keil
                http://www.keil.com/pack/Keil.TM4C_DFP.1.1.0.pack
                Keil.TM4C_DFP.1.1.0
                Texas Instruments Tiva C Series Device Support and Examples

<h2>Collection of Component include folders:</h2>
  C:\Users\User\AppData\Local\Arm\Packs\Keil\TM4C_DFP\1.1.0\Device\Include\TM4C123

<h2>Collection of Component Files used:</h2>
Build Time Elapsed:  00:00:01
</pre>
</body>
</html>
