Component: ARM Compiler 6.14.1 Tool: armlink [5db06d00]

==============================================================================

Section Cross References

    main.o(main) refers to nokia_lcd.o(display) for normal_mode_ui
    main.o(main) refers to adc.o(routines) for ADC_sampling
    main.o(main) refers to ultrasound_echo.o(main) for ultrasound
    main.o(main) refers to ultrasound_trig.o(routines) for PULSE_INIT
    nokia_lcd.o(display) refers to nokia_lcd.o(.text) for ASCII
    startup.o(STACK) refers (Special) to heapauxi.o(.text) for __use_two_region_memory
    startup.o(HEAP) refers (Special) to heapauxi.o(.text) for __use_two_region_memory
    startup.o(RESET) refers (Special) to heapauxi.o(.text) for __use_two_region_memory
    startup.o(RESET) refers to startup.o(STACK) for StackMem
    startup.o(RESET) refers to main.o(main) for __main
    startup.o(RESET) refers to ultrasound_trig.o(routines) for My_Timer0A_Handler
    startup.o(.text) refers (Special) to heapauxi.o(.text) for __use_two_region_memory
    startup.o(.text) refers to startup.o(HEAP) for HeapMem
    startup.o(.text) refers to startup.o(STACK) for StackMem


==============================================================================

Removing Unused input sections from the image.

    Removing startup.o(HEAP), (0 bytes).
    Removing startup.o(.text), (48 bytes).
    Removing stepper_motor.o(gpio_initialize), (296 bytes).

3 unused section(s) (total 344 bytes) removed from the image.

==============================================================================

Image Symbol Table

    Local Symbols

    Symbol Name                              Value     Ov Type        Size  Object(Section)

    ../clib/heapaux.c                        0x00000000   Number         0  heapauxi.o ABSOLUTE
    ADC.s                                    0x00000000   Number         0  adc.o ABSOLUTE
    Nokia_LCD.s                              0x00000000   Number         0  nokia_lcd.o ABSOLUTE
    Startup.s                                0x00000000   Number         0  startup.o ABSOLUTE
    Stepper_Motor.s                          0x00000000   Number         0  stepper_motor.o ABSOLUTE
    Ultrasound_Echo.s                        0x00000000   Number         0  ultrasound_echo.o ABSOLUTE
    Ultrasound_Trig.s                        0x00000000   Number         0  ultrasound_trig.o ABSOLUTE
    dc.s                                     0x00000000   Number         0  dc.o ABSOLUTE
    main.s                                   0x00000000   Number         0  main.o ABSOLUTE
    RESET                                    0x00000000   Section      648  startup.o(RESET)
    $v0                                      0x0000026c   Number         0  startup.o(RESET)
    ASCII                                    0x00000288   Data           5  nokia_lcd.o(.text)
    .text                                    0x00000288   Section      571  nokia_lcd.o(.text)
    meas_msg                                 0x00000463   Data          13  nokia_lcd.o(.text)
    thre_msg                                 0x00000471   Data          13  nokia_lcd.o(.text)
    normal_msg                               0x0000047f   Data          14  nokia_lcd.o(.text)
    adjust_msg                               0x0000048e   Data          14  nokia_lcd.o(.text)
    brake_msg                                0x0000049d   Data          12  nokia_lcd.o(.text)
    car_msg                                  0x000004aa   Data           4  nokia_lcd.o(.text)
    star3_msg                                0x000004af   Data           4  nokia_lcd.o(.text)
    star13_msg                               0x000004b4   Data          14  nokia_lcd.o(.text)
    .text                                    0x000004c4   Section        0  heapauxi.o(.text)
    $v0                                      0x000004cc   Number         0  nokia_lcd.o(display)
    display                                  0x000004cc   Section     1300  nokia_lcd.o(display)
    $v0                                      0x000009e0   Number         0  main.o(main)
    main                                     0x000009e0   Section      200  main.o(main)
    $v0                                      0x00000aa8   Number         0  ultrasound_echo.o(main)
    main                                     0x00000aa8   Section      388  ultrasound_echo.o(main)
    $v0                                      0x00000c2c   Number         0  adc.o(routines)
    routines                                 0x00000c2c   Section      348  adc.o(routines)
    $v0                                      0x00000d88   Number         0  ultrasound_trig.o(routines)
    routines                                 0x00000d88   Section      280  ultrasound_trig.o(routines)
    StackMem                                 0x20000000   Data           0  startup.o(STACK)
    STACK                                    0x20000000   Section     1024  startup.o(STACK)

    Global Symbols

    Symbol Name                              Value     Ov Type        Size  Object(Section)

    BuildAttributes$$THM_ISAv4$E$P$D$K$B$S$7EM$VFPi3$EXTD16$VFPS$VFMA$PE$A:L22UL41UL21$X:L11$S22US41US21$IEEE1$IW$~IW$USESV6$~STKCKD$USESV7$~SHL$OSPACE$ROPI$EBA8$STANDARDLIB$REQ8$EABIv2 0x00000000   Number         0  anon$$obj.o ABSOLUTE
    __Vectors                                0x00000000   Data           0  startup.o(RESET)
    Reset_Handler                            0x0000026d   Thumb Code     0  startup.o(RESET)
    NMI_Handler                              0x00000271   Thumb Code     2  startup.o(RESET)
    HardFault_Handler                        0x00000273   Thumb Code     2  startup.o(RESET)
    MemManage_Handler                        0x00000275   Thumb Code     2  startup.o(RESET)
    BusFault_Handler                         0x00000277   Thumb Code     2  startup.o(RESET)
    UsageFault_Handler                       0x00000279   Thumb Code     2  startup.o(RESET)
    SVC_Handler                              0x0000027b   Thumb Code     2  startup.o(RESET)
    DebugMon_Handler                         0x0000027d   Thumb Code     2  startup.o(RESET)
    PendSV_Handler                           0x0000027f   Thumb Code     2  startup.o(RESET)
    SysTick_Handler                          0x00000281   Thumb Code     2  startup.o(RESET)
    Timer0A_Handler                          0x00000283   Thumb Code     4  startup.o(RESET)
    ADC0Seq0_Handler                         0x00000287   Data           0  startup.o(RESET)
    ADC0Seq1_Handler                         0x00000287   Data           0  startup.o(RESET)
    ADC0Seq2_Handler                         0x00000287   Data           0  startup.o(RESET)
    ADC0Seq3_Handler                         0x00000287   Data           0  startup.o(RESET)
    ADC1Seq0_Handler                         0x00000287   Data           0  startup.o(RESET)
    ADC1Seq1_Handler                         0x00000287   Data           0  startup.o(RESET)
    ADC1Seq2_Handler                         0x00000287   Data           0  startup.o(RESET)
    ADC1Seq3_Handler                         0x00000287   Data           0  startup.o(RESET)
    CAN0_Handler                             0x00000287   Data           0  startup.o(RESET)
    CAN1_Handler                             0x00000287   Data           0  startup.o(RESET)
    CAN2_Handler                             0x00000287   Data           0  startup.o(RESET)
    Comp0_Handler                            0x00000287   Data           0  startup.o(RESET)
    Comp1_Handler                            0x00000287   Data           0  startup.o(RESET)
    Comp2_Handler                            0x00000287   Data           0  startup.o(RESET)
    Ethernet_Handler                         0x00000287   Data           0  startup.o(RESET)
    ExtBus_Handler                           0x00000287   Data           0  startup.o(RESET)
    FPU_Handler                              0x00000287   Data           0  startup.o(RESET)
    Fan0_Handler                             0x00000287   Data           0  startup.o(RESET)
    FlashCtl_Handler                         0x00000287   Data           0  startup.o(RESET)
    GPIOPortA_Handler                        0x00000287   Data           0  startup.o(RESET)
    GPIOPortB_Handler                        0x00000287   Data           0  startup.o(RESET)
    GPIOPortC_Handler                        0x00000287   Data           0  startup.o(RESET)
    GPIOPortD_Handler                        0x00000287   Data           0  startup.o(RESET)
    GPIOPortE_Handler                        0x00000287   Data           0  startup.o(RESET)
    GPIOPortF_Handler                        0x00000287   Data           0  startup.o(RESET)
    GPIOPortG_Handler                        0x00000287   Data           0  startup.o(RESET)
    GPIOPortH_Handler                        0x00000287   Data           0  startup.o(RESET)
    GPIOPortJ_Handler                        0x00000287   Data           0  startup.o(RESET)
    GPIOPortK_Handler                        0x00000287   Data           0  startup.o(RESET)
    GPIOPortL_Handler                        0x00000287   Data           0  startup.o(RESET)
    GPIOPortM_Handler                        0x00000287   Data           0  startup.o(RESET)
    GPIOPortN_Handler                        0x00000287   Data           0  startup.o(RESET)
    GPIOPortP1_Handler                       0x00000287   Data           0  startup.o(RESET)
    GPIOPortP2_Handler                       0x00000287   Data           0  startup.o(RESET)
    GPIOPortP3_Handler                       0x00000287   Data           0  startup.o(RESET)
    GPIOPortP4_Handler                       0x00000287   Data           0  startup.o(RESET)
    GPIOPortP5_Handler                       0x00000287   Data           0  startup.o(RESET)
    GPIOPortP6_Handler                       0x00000287   Data           0  startup.o(RESET)
    GPIOPortP7_Handler                       0x00000287   Data           0  startup.o(RESET)
    GPIOPortP_Handler                        0x00000287   Data           0  startup.o(RESET)
    GPIOPortQ1_Handler                       0x00000287   Data           0  startup.o(RESET)
    GPIOPortQ2_Handler                       0x00000287   Data           0  startup.o(RESET)
    GPIOPortQ3_Handler                       0x00000287   Data           0  startup.o(RESET)
    GPIOPortQ4_Handler                       0x00000287   Data           0  startup.o(RESET)
    GPIOPortQ5_Handler                       0x00000287   Data           0  startup.o(RESET)
    GPIOPortQ6_Handler                       0x00000287   Data           0  startup.o(RESET)
    GPIOPortQ7_Handler                       0x00000287   Data           0  startup.o(RESET)
    GPIOPortQ_Handler                        0x00000287   Data           0  startup.o(RESET)
    GPIOPortR_Handler                        0x00000287   Data           0  startup.o(RESET)
    GPIOPortS_Handler                        0x00000287   Data           0  startup.o(RESET)
    Hibernate_Handler                        0x00000287   Data           0  startup.o(RESET)
    I2C0_Handler                             0x00000287   Data           0  startup.o(RESET)
    I2C1_Handler                             0x00000287   Data           0  startup.o(RESET)
    I2C2_Handler                             0x00000287   Data           0  startup.o(RESET)
    I2C3_Handler                             0x00000287   Data           0  startup.o(RESET)
    I2C4_Handler                             0x00000287   Data           0  startup.o(RESET)
    I2C5_Handler                             0x00000287   Data           0  startup.o(RESET)
    I2S0_Handler                             0x00000287   Data           0  startup.o(RESET)
    LPC0_Handler                             0x00000287   Data           0  startup.o(RESET)
    PECI0_Handler                            0x00000287   Data           0  startup.o(RESET)
    PWM0Fault_Handler                        0x00000287   Data           0  startup.o(RESET)
    PWM0Generator0_Handler                   0x00000287   Data           0  startup.o(RESET)
    PWM0Generator1_Handler                   0x00000287   Data           0  startup.o(RESET)
    PWM0Generator2_Handler                   0x00000287   Data           0  startup.o(RESET)
    PWM0Generator3_Handler                   0x00000287   Data           0  startup.o(RESET)
    PWM1Fault_Handler                        0x00000287   Data           0  startup.o(RESET)
    PWM1Generator0_Handler                   0x00000287   Data           0  startup.o(RESET)
    PWM1Generator1_Handler                   0x00000287   Data           0  startup.o(RESET)
    PWM1Generator2_Handler                   0x00000287   Data           0  startup.o(RESET)
    PWM1Generator3_Handler                   0x00000287   Data           0  startup.o(RESET)
    Quadrature0_Handler                      0x00000287   Data           0  startup.o(RESET)
    Quadrature1_Handler                      0x00000287   Data           0  startup.o(RESET)
    Quadrature2_Handler                      0x00000287   Data           0  startup.o(RESET)
    SSI0_Handler                             0x00000287   Data           0  startup.o(RESET)
    SSI1_Handler                             0x00000287   Data           0  startup.o(RESET)
    SSI2_Handler                             0x00000287   Data           0  startup.o(RESET)
    SSI3_Handler                             0x00000287   Data           0  startup.o(RESET)
    SysCtl_Handler                           0x00000287   Data           0  startup.o(RESET)
    Timer0B_Handler                          0x00000287   Data           0  startup.o(RESET)
    Timer1A_Handler                          0x00000287   Data           0  startup.o(RESET)
    Timer1B_Handler                          0x00000287   Data           0  startup.o(RESET)
    Timer2A_Handler                          0x00000287   Data           0  startup.o(RESET)
    Timer2B_Handler                          0x00000287   Data           0  startup.o(RESET)
    Timer3A_Handler                          0x00000287   Data           0  startup.o(RESET)
    Timer3B_Handler                          0x00000287   Data           0  startup.o(RESET)
    Timer4A_Handler                          0x00000287   Data           0  startup.o(RESET)
    Timer4B_Handler                          0x00000287   Data           0  startup.o(RESET)
    Timer5A_Handler                          0x00000287   Data           0  startup.o(RESET)
    Timer5B_Handler                          0x00000287   Data           0  startup.o(RESET)
    UART0_Handler                            0x00000287   Data           0  startup.o(RESET)
    UART1_Handler                            0x00000287   Data           0  startup.o(RESET)
    UART2_Handler                            0x00000287   Data           0  startup.o(RESET)
    UART3_Handler                            0x00000287   Data           0  startup.o(RESET)
    UART4_Handler                            0x00000287   Data           0  startup.o(RESET)
    UART5_Handler                            0x00000287   Data           0  startup.o(RESET)
    UART6_Handler                            0x00000287   Data           0  startup.o(RESET)
    UART7_Handler                            0x00000287   Data           0  startup.o(RESET)
    USB0_Handler                             0x00000287   Data           0  startup.o(RESET)
    WDT_Handler                              0x00000287   Data           0  startup.o(RESET)
    WideTimer0A_Handler                      0x00000287   Data           0  startup.o(RESET)
    WideTimer0B_Handler                      0x00000287   Data           0  startup.o(RESET)
    WideTimer1A_Handler                      0x00000287   Data           0  startup.o(RESET)
    WideTimer1B_Handler                      0x00000287   Data           0  startup.o(RESET)
    WideTimer2A_Handler                      0x00000287   Data           0  startup.o(RESET)
    WideTimer2B_Handler                      0x00000287   Data           0  startup.o(RESET)
    WideTimer3A_Handler                      0x00000287   Data           0  startup.o(RESET)
    WideTimer3B_Handler                      0x00000287   Data           0  startup.o(RESET)
    WideTimer4A_Handler                      0x00000287   Data           0  startup.o(RESET)
    WideTimer4B_Handler                      0x00000287   Data           0  startup.o(RESET)
    WideTimer5A_Handler                      0x00000287   Data           0  startup.o(RESET)
    WideTimer5B_Handler                      0x00000287   Data           0  startup.o(RESET)
    uDMA_Error                               0x00000287   Data           0  startup.o(RESET)
    uDMA_Handler                             0x00000287   Data           0  startup.o(RESET)
    __use_two_region_memory                  0x000004c5   Thumb Code     2  heapauxi.o(.text)
    __rt_heap_escrow$2region                 0x000004c7   Thumb Code     2  heapauxi.o(.text)
    __rt_heap_expand$2region                 0x000004c9   Thumb Code     2  heapauxi.o(.text)
    Nokia_Init                               0x000004cd   Thumb Code     0  nokia_lcd.o(display)
    send_1B_nokia                            0x000005bb   Thumb Code     0  nokia_lcd.o(display)
    Clear_Nokia                              0x000005cf   Thumb Code     0  nokia_lcd.o(display)
    Print_Char_Nokia                         0x00000665   Thumb Code     0  nokia_lcd.o(display)
    Print_Str_Nokia                          0x000006af   Thumb Code     0  nokia_lcd.o(display)
    Set_XY_Nokia                             0x000006c7   Thumb Code     0  nokia_lcd.o(display)
    normal_mode_ui                           0x0000070d   Thumb Code     0  nokia_lcd.o(display)
    adjustment_mode_ui                       0x00000795   Thumb Code     0  nokia_lcd.o(display)
    braking_mode_ui                          0x0000080f   Thumb Code     0  nokia_lcd.o(display)
    print_3digit_number                      0x00000897   Thumb Code     0  nokia_lcd.o(display)
    print_progress_bar                       0x000008e5   Thumb Code     0  nokia_lcd.o(display)
    small_delay                              0x000009e1   Thumb Code     0  main.o(main)
    normal_mode                              0x000009f1   Thumb Code     0  main.o(main)
    adjustment_mode                          0x000009fd   Thumb Code     0  main.o(main)
    braking_mode                             0x00000a25   Thumb Code     0  main.o(main)
    __main                                   0x00000a51   Thumb Code     0  main.o(main)
    timer3_config                            0x00000aa9   Thumb Code     0  ultrasound_echo.o(main)
    ultrasound                               0x00000b6b   Thumb Code     0  ultrasound_echo.o(main)
    ADC_initialization                       0x00000c2d   Thumb Code     0  adc.o(routines)
    ADC_sampling                             0x00000cf3   Thumb Code     0  adc.o(routines)
    My_Timer0A_Handler                       0x00000d89   Thumb Code     0  ultrasound_trig.o(routines)
    PULSE_INIT                               0x00000dc9   Thumb Code   152  ultrasound_trig.o(routines)



==============================================================================

Memory Map of the image

  Image Entry point : 0x0000026d

  Load Region LR_1 (Base: 0x00000000, Size: 0x000012a0, Max: 0xffffffff, ABSOLUTE)

    Execution Region ER_RO (Exec base: 0x00000000, Load base: 0x00000000, Size: 0x00000ea0, Max: 0xffffffff, ABSOLUTE)

    Exec Addr    Load Addr    Size         Type   Attr      Idx    E Section Name        Object

    0x00000000   0x00000000   0x00000288   Code   RO           17  * RESET               startup.o
    0x00000288   0x00000288   0x0000023b   Code   RO            9    .text               nokia_lcd.o
    0x000004c3   0x000004c3   0x00000001   PAD
    0x000004c4   0x000004c4   0x00000006   Code   RO           36    .text               c_w.l(heapauxi.o)
    0x000004ca   0x000004ca   0x00000002   PAD
    0x000004cc   0x000004cc   0x00000514   Code   RO           10    display             nokia_lcd.o
    0x000009e0   0x000009e0   0x000000c8   Code   RO            6    main                main.o
    0x00000aa8   0x00000aa8   0x00000184   Code   RO           27    main                ultrasound_echo.o
    0x00000c2c   0x00000c2c   0x0000015c   Code   RO            1    routines            adc.o
    0x00000d88   0x00000d88   0x00000118   Code   RO           30    routines            ultrasound_trig.o


    Execution Region ER_RW (Exec base: 0x20000000, Load base: 0x00000ea0, Size: 0x00000400, Max: 0xffffffff, ABSOLUTE)

    Exec Addr    Load Addr    Size         Type   Attr      Idx    E Section Name        Object

    0x20000000   0x00000ea0   0x00000400   Data   RW           15    STACK               startup.o


    Execution Region ER_ZI (Exec base: 0x20000400, Load base: 0x000012a0, Size: 0x00000000, Max: 0xffffffff, ABSOLUTE)

    **** No section assigned to this execution region ****


==============================================================================

Image component sizes


      Code (inc. data)   RO Data    RW Data    ZI Data      Debug   Object Name

       348         84          0          0          0        324   adc.o
       200         10          0          0          0        260   main.o
      1871        679          0          0          0        796   nokia_lcd.o
       648        622          0       1024          0        768   startup.o
       388         74          0          0          0        324   ultrasound_echo.o
       280         64          0          0          0        432   ultrasound_trig.o

    ----------------------------------------------------------------------
      3736       1534          0       1024          0       2904   Object Totals
         0          0          0          0          0          0   (incl. Generated)
         1          1          0          0          0          0   (incl. Padding)

    ----------------------------------------------------------------------

      Code (inc. data)   RO Data    RW Data    ZI Data      Debug   Library Member Name

         6          0          0          0          0        152   heapauxi.o

    ----------------------------------------------------------------------
         8          0          0          0          0        152   Library Totals
         2          0          0          0          0          0   (incl. Padding)

    ----------------------------------------------------------------------

      Code (inc. data)   RO Data    RW Data    ZI Data      Debug   Library Name

         6          0          0          0          0        152   c_w.l

    ----------------------------------------------------------------------
         8          0          0          0          0        152   Library Totals

    ----------------------------------------------------------------------

==============================================================================


      Code (inc. data)   RO Data    RW Data    ZI Data      Debug   

      3744       1534          0       1024          0       2956   Grand Totals
      3744       1534          0       1024          0       2956   ELF Image Totals
      3744       1534          0       1024          0          0   ROM Totals

==============================================================================

    Total RO  Size (Code + RO Data)                 3744 (   3.66kB)
    Total RW  Size (RW Data + ZI Data)              1024 (   1.00kB)
    Total ROM Size (Code + RO Data + RW Data)       4768 (   4.66kB)

==============================================================================

